2024-11-14 06:16:49.726304: Error in get_channel_videos: <HttpError 403 when requesting https://youtube.googleapis.com/youtube/v3/search?part=id&channelId=UC5rFGHFvGsbIj7Gc-1W4asA&maxResults=50&type=video&key=AIzaSyBeC2qBBjjwSHrAbXaj44SP9tOe179CpPE&alt=json returned "The request cannot be completed because you have exceeded your <a href="/youtube/v3/getting-started#quota">quota</a>.". Details: "[{'message': 'The request cannot be completed because you have exceeded your <a href="/youtube/v3/getting-started#quota">quota</a>.', 'domain': 'youtube.quota', 'reason': 'quotaExceeded'}]">
2024-11-14 06:16:50.065186: Error in get_channel_videos: <HttpError 403 when requesting https://youtube.googleapis.com/youtube/v3/search?part=id&channelId=UC5u7mJb1fIAedPG-9Pg6Nbw&maxResults=50&type=video&key=AIzaSyBJbYkajUI0zOVD2Toc2v6ecitqqJ03npM&alt=json returned "The request cannot be completed because you have exceeded your <a href="/youtube/v3/getting-started#quota">quota</a>.". Details: "[{'message': 'The request cannot be completed because you have exceeded your <a href="/youtube/v3/getting-started#quota">quota</a>.', 'domain': 'youtube.quota', 'reason': 'quotaExceeded'}]">
2024-11-14 06:16:50.418105: Error in get_channel_videos: <HttpError 403 when requesting https://youtube.googleapis.com/youtube/v3/search?part=id&channelId=UC60U1OtwT9Y6Buecc6P0L5g&maxResults=50&type=video&key=AIzaSyAyCMl_VDTxxHSMM3QUL9oKSi--SLC67pw&alt=json returned "The request cannot be completed because you have exceeded your <a href="/youtube/v3/getting-started#quota">quota</a>.". Details: "[{'message': 'The request cannot be completed because you have exceeded your <a href="/youtube/v3/getting-started#quota">quota</a>.', 'domain': 'youtube.quota', 'reason': 'quotaExceeded'}]">
2024-11-14 06:16:50.784291: Error in get_channel_videos: <HttpError 403 when requesting https://youtube.googleapis.com/youtube/v3/search?part=id&channelId=UC6ickpgDIsltU_-8CbZaksQ&maxResults=50&type=video&key=AIzaSyDPFJnipLhp8s9XTv8ETcOhlxtJPE0352Y&alt=json returned "The request cannot be completed because you have exceeded your <a href="/youtube/v3/getting-started#quota">quota</a>.". Details: "[{'message': 'The request cannot be completed because you have exceeded your <a href="/youtube/v3/getting-started#quota">quota</a>.', 'domain': 'youtube.quota', 'reason': 'quotaExceeded'}]">
2024-11-14 06:18:18.011077: Error in resolve_handle_to_channel_id: <HttpError 403 when requesting https://youtube.googleapis.com/youtube/v3/search?part=snippet&q=kabirlifestyle&type=channel&maxResults=1&key=AIzaSyBeC2qBBjjwSHrAbXaj44SP9tOe179CpPE&alt=json returned "The request cannot be completed because you have exceeded your <a href="/youtube/v3/getting-started#quota">quota</a>.". Details: "[{'message': 'The request cannot be completed because you have exceeded your <a href="/youtube/v3/getting-started#quota">quota</a>.', 'domain': 'youtube.quota', 'reason': 'quotaExceeded'}]">
2024-11-14 06:18:18.166229: Error in get_channel_videos: <HttpError 403 when requesting https://youtube.googleapis.com/youtube/v3/search?part=id&channelId=UCSSbC8OnjrpcInLf2pG2SAA&maxResults=50&type=video&key=AIzaSyBJbYkajUI0zOVD2Toc2v6ecitqqJ03npM&alt=json returned "The request cannot be completed because you have exceeded your <a href="/youtube/v3/getting-started#quota">quota</a>.". Details: "[{'message': 'The request cannot be completed because you have exceeded your <a href="/youtube/v3/getting-started#quota">quota</a>.', 'domain': 'youtube.quota', 'reason': 'quotaExceeded'}]">
2024-11-14 06:18:18.552754: Error in get_channel_videos: <HttpError 403 when requesting https://youtube.googleapis.com/youtube/v3/search?part=id&channelId=UCSbEeTlKPcfwAlqwJ08rZaw&maxResults=50&type=video&key=AIzaSyAyCMl_VDTxxHSMM3QUL9oKSi--SLC67pw&alt=json returned "The request cannot be completed because you have exceeded your <a href="/youtube/v3/getting-started#quota">quota</a>.". Details: "[{'message': 'The request cannot be completed because you have exceeded your <a href="/youtube/v3/getting-started#quota">quota</a>.', 'domain': 'youtube.quota', 'reason': 'quotaExceeded'}]">
2024-11-14 06:20:19.118844: Error in resolve_handle_to_channel_id: <HttpError 403 when requesting https://youtube.googleapis.com/youtube/v3/search?part=snippet&q=kabirlifestyle&type=channel&maxResults=1&key=AIzaSyBeC2qBBjjwSHrAbXaj44SP9tOe179CpPE&alt=json returned "The request cannot be completed because you have exceeded your <a href="/youtube/v3/getting-started#quota">quota</a>.". Details: "[{'message': 'The request cannot be completed because you have exceeded your <a href="/youtube/v3/getting-started#quota">quota</a>.', 'domain': 'youtube.quota', 'reason': 'quotaExceeded'}]">
2024-11-14 06:20:19.485181: Error in get_channel_videos: <HttpError 403 when requesting https://youtube.googleapis.com/youtube/v3/search?part=id&channelId=UCSSbC8OnjrpcInLf2pG2SAA&maxResults=50&type=video&key=AIzaSyBJbYkajUI0zOVD2Toc2v6ecitqqJ03npM&alt=json returned "The request cannot be completed because you have exceeded your <a href="/youtube/v3/getting-started#quota">quota</a>.". Details: "[{'message': 'The request cannot be completed because you have exceeded your <a href="/youtube/v3/getting-started#quota">quota</a>.', 'domain': 'youtube.quota', 'reason': 'quotaExceeded'}]">
2024-11-14 06:20:19.837372: Error in get_channel_videos: <HttpError 403 when requesting https://youtube.googleapis.com/youtube/v3/search?part=id&channelId=UCSbEeTlKPcfwAlqwJ08rZaw&maxResults=50&type=video&key=AIzaSyAyCMl_VDTxxHSMM3QUL9oKSi--SLC67pw&alt=json returned "The request cannot be completed because you have exceeded your <a href="/youtube/v3/getting-started#quota">quota</a>.". Details: "[{'message': 'The request cannot be completed because you have exceeded your <a href="/youtube/v3/getting-started#quota">quota</a>.', 'domain': 'youtube.quota', 'reason': 'quotaExceeded'}]">
2024-11-14 06:23:34.746141: Error in resolve_handle_to_channel_id: <HttpError 403 when requesting https://youtube.googleapis.com/youtube/v3/search?part=snippet&q=kabirlifestyle&type=channel&maxResults=1&key=AIzaSyBeC2qBBjjwSHrAbXaj44SP9tOe179CpPE&alt=json returned "The request cannot be completed because you have exceeded your <a href="/youtube/v3/getting-started#quota">quota</a>.". Details: "[{'message': 'The request cannot be completed because you have exceeded your <a href="/youtube/v3/getting-started#quota">quota</a>.', 'domain': 'youtube.quota', 'reason': 'quotaExceeded'}]">
2024-11-14 06:23:34.917953: Error in get_channel_videos: <HttpError 403 when requesting https://youtube.googleapis.com/youtube/v3/search?part=id&channelId=UCSSbC8OnjrpcInLf2pG2SAA&maxResults=50&type=video&key=AIzaSyBJbYkajUI0zOVD2Toc2v6ecitqqJ03npM&alt=json returned "The request cannot be completed because you have exceeded your <a href="/youtube/v3/getting-started#quota">quota</a>.". Details: "[{'message': 'The request cannot be completed because you have exceeded your <a href="/youtube/v3/getting-started#quota">quota</a>.', 'domain': 'youtube.quota', 'reason': 'quotaExceeded'}]">
2024-11-14 06:23:35.096345: Error in get_channel_videos: <HttpError 403 when requesting https://youtube.googleapis.com/youtube/v3/search?part=id&channelId=UCSbEeTlKPcfwAlqwJ08rZaw&maxResults=50&type=video&key=AIzaSyAyCMl_VDTxxHSMM3QUL9oKSi--SLC67pw&alt=json returned "The request cannot be completed because you have exceeded your <a href="/youtube/v3/getting-started#quota">quota</a>.". Details: "[{'message': 'The request cannot be completed because you have exceeded your <a href="/youtube/v3/getting-started#quota">quota</a>.', 'domain': 'youtube.quota', 'reason': 'quotaExceeded'}]">
2024-11-14 06:24:16.128797: Error in resolve_handle_to_channel_id: <HttpError 403 when requesting https://youtube.googleapis.com/youtube/v3/search?part=snippet&q=kabirlifestyle&type=channel&maxResults=1&key=AIzaSyBeC2qBBjjwSHrAbXaj44SP9tOe179CpPE&alt=json returned "The request cannot be completed because you have exceeded your <a href="/youtube/v3/getting-started#quota">quota</a>.". Details: "[{'message': 'The request cannot be completed because you have exceeded your <a href="/youtube/v3/getting-started#quota">quota</a>.', 'domain': 'youtube.quota', 'reason': 'quotaExceeded'}]">
2024-11-14 06:24:16.323159: Error in get_channel_videos: <HttpError 403 when requesting https://youtube.googleapis.com/youtube/v3/search?part=id&channelId=UCSSbC8OnjrpcInLf2pG2SAA&maxResults=50&type=video&key=AIzaSyBJbYkajUI0zOVD2Toc2v6ecitqqJ03npM&alt=json returned "The request cannot be completed because you have exceeded your <a href="/youtube/v3/getting-started#quota">quota</a>.". Details: "[{'message': 'The request cannot be completed because you have exceeded your <a href="/youtube/v3/getting-started#quota">quota</a>.', 'domain': 'youtube.quota', 'reason': 'quotaExceeded'}]">
2024-11-14 06:24:16.492082: Error in get_channel_videos: <HttpError 403 when requesting https://youtube.googleapis.com/youtube/v3/search?part=id&channelId=UCSbEeTlKPcfwAlqwJ08rZaw&maxResults=50&type=video&key=AIzaSyAyCMl_VDTxxHSMM3QUL9oKSi--SLC67pw&alt=json returned "The request cannot be completed because you have exceeded your <a href="/youtube/v3/getting-started#quota">quota</a>.". Details: "[{'message': 'The request cannot be completed because you have exceeded your <a href="/youtube/v3/getting-started#quota">quota</a>.', 'domain': 'youtube.quota', 'reason': 'quotaExceeded'}]">
2024-11-14 06:27:17.323991: Error in get_channel_videos: <HttpError 403 when requesting https://youtube.googleapis.com/youtube/v3/search?part=id&channelId=UCSSbC8OnjrpcInLf2pG2SAA&maxResults=50&type=video&key=AIzaSyBeC2qBBjjwSHrAbXaj44SP9tOe179CpPE&alt=json returned "The request cannot be completed because you have exceeded your <a href="/youtube/v3/getting-started#quota">quota</a>.". Details: "[{'message': 'The request cannot be completed because you have exceeded your <a href="/youtube/v3/getting-started#quota">quota</a>.', 'domain': 'youtube.quota', 'reason': 'quotaExceeded'}]">
2024-11-14 06:27:17.708380: Error in get_channel_videos: <HttpError 403 when requesting https://youtube.googleapis.com/youtube/v3/search?part=id&channelId=UCSbEeTlKPcfwAlqwJ08rZaw&maxResults=50&type=video&key=AIzaSyBJbYkajUI0zOVD2Toc2v6ecitqqJ03npM&alt=json returned "The request cannot be completed because you have exceeded your <a href="/youtube/v3/getting-started#quota">quota</a>.". Details: "[{'message': 'The request cannot be completed because you have exceeded your <a href="/youtube/v3/getting-started#quota">quota</a>.', 'domain': 'youtube.quota', 'reason': 'quotaExceeded'}]">
2024-11-14 06:27:52.414187: Error in get_channel_videos: <HttpError 403 when requesting https://youtube.googleapis.com/youtube/v3/search?part=id&channelId=UCSSbC8OnjrpcInLf2pG2SAA&maxResults=50&type=video&key=AIzaSyBeC2qBBjjwSHrAbXaj44SP9tOe179CpPE&alt=json returned "The request cannot be completed because you have exceeded your <a href="/youtube/v3/getting-started#quota">quota</a>.". Details: "[{'message': 'The request cannot be completed because you have exceeded your <a href="/youtube/v3/getting-started#quota">quota</a>.', 'domain': 'youtube.quota', 'reason': 'quotaExceeded'}]">
2024-11-14 06:27:52.632654: Error in get_channel_videos: <HttpError 403 when requesting https://youtube.googleapis.com/youtube/v3/search?part=id&channelId=UCSbEeTlKPcfwAlqwJ08rZaw&maxResults=50&type=video&key=AIzaSyBJbYkajUI0zOVD2Toc2v6ecitqqJ03npM&alt=json returned "The request cannot be completed because you have exceeded your <a href="/youtube/v3/getting-started#quota">quota</a>.". Details: "[{'message': 'The request cannot be completed because you have exceeded your <a href="/youtube/v3/getting-started#quota">quota</a>.', 'domain': 'youtube.quota', 'reason': 'quotaExceeded'}]">
2024-11-14 06:31:17.960216: Error in get_video_metadata: <HttpError 403 when requesting https://youtube.googleapis.com/youtube/v3/videos?part=snippet%2CcontentDetails%2Cstatistics%2CtopicDetails&id=kyhSYI1oQf0%2Cmz6-FE0Igws%2CG12I--Bv8dY%2CEevG1AlEFtc%2C-idnYohnkMc%2CH5aInjlxgXw%2CgPbmrBXIZC0%2CLR7iqln1Q1E%2C_JEzb0RYbB0%2CvfSbnY6hHa0%2Che_XSi3c7Yw%2CMXUH_hlsOVw%2Cuzi8tYOkB1M%2CqnwL6-KvT-g%2CIcik4wXPDwA%2CArgXCI0xfFQ%2ClDAFZlOUKl4%2CnD1fNwM2-JY%2CfmcPmuf0Xc4%2CNwYp9JGNkuA%2ChjyOFNM0kt0%2CDc0XgCjPOSo%2C92hXCu2P25Q%2C04zIFykz8xM%2CzAFTl3CbyEk%2CdYxZEcDhmCA%2CDXcefhe7OaQ%2COysoFrK1DSo%2CltSh4ZgE2_g%2Cwz7RYwLIYCo%2CyYEsJO7AQlA%2CGqi81Svs_fk%2Coq4EvDa2zvQ%2CK5vqVDfu_UM%2Cpe7z-U8C0NA%2CBntPC7bqvQk%2CwRbbpHThATk%2CsSk06r97Fgg%2CwkEvpkjK_vA%2CPADMpALmiZ0%2CdKq4k3I-toM%2Cc5J--Z9W9DE%2CuDup0JAK0S4%2Cu3FCWSNKFc8%2Cyq28-gc5zPE%2C6t8eFuGH8C8%2ChV6h1R8QZXg%2C1CMVw8Zn0Gw%2C9xmpg7VeY74%2C7TWltI6mCdU&key=AIzaSyDyRilGwcies-XqheD2jZfZs2tVK7ZzRU0&alt=json returned "The request cannot be completed because you have exceeded your <a href="/youtube/v3/getting-started#quota">quota</a>.". Details: "[{'message': 'The request cannot be completed because you have exceeded your <a href="/youtube/v3/getting-started#quota">quota</a>.', 'domain': 'youtube.quota', 'reason': 'quotaExceeded'}]">
2024-11-14 06:31:18.176116: Error in get_channel_videos: <HttpError 403 when requesting https://youtube.googleapis.com/youtube/v3/search?part=id&channelId=UC-qTldS8DNIGOfIVc0G8t-w&maxResults=50&type=video&key=AIzaSyBeC2qBBjjwSHrAbXaj44SP9tOe179CpPE&alt=json returned "The request cannot be completed because you have exceeded your <a href="/youtube/v3/getting-started#quota">quota</a>.". Details: "[{'message': 'The request cannot be completed because you have exceeded your <a href="/youtube/v3/getting-started#quota">quota</a>.', 'domain': 'youtube.quota', 'reason': 'quotaExceeded'}]">
2024-11-14 06:31:18.540856: Error in get_channel_videos: <HttpError 403 when requesting https://youtube.googleapis.com/youtube/v3/search?part=id&channelId=UC06CSMqAhpBvhSRwHUBgyPw&maxResults=50&type=video&key=AIzaSyBJbYkajUI0zOVD2Toc2v6ecitqqJ03npM&alt=json returned "The request cannot be completed because you have exceeded your <a href="/youtube/v3/getting-started#quota">quota</a>.". Details: "[{'message': 'The request cannot be completed because you have exceeded your <a href="/youtube/v3/getting-started#quota">quota</a>.', 'domain': 'youtube.quota', 'reason': 'quotaExceeded'}]">
2024-11-14 06:31:18.920415: Error in get_channel_videos: <HttpError 403 when requesting https://youtube.googleapis.com/youtube/v3/search?part=id&channelId=UC08248zN4JDWJm5wRljr_2Q&maxResults=50&type=video&key=AIzaSyAyCMl_VDTxxHSMM3QUL9oKSi--SLC67pw&alt=json returned "The request cannot be completed because you have exceeded your <a href="/youtube/v3/getting-started#quota">quota</a>.". Details: "[{'message': 'The request cannot be completed because you have exceeded your <a href="/youtube/v3/getting-started#quota">quota</a>.', 'domain': 'youtube.quota', 'reason': 'quotaExceeded'}]">
2024-11-14 06:31:19.302994: Error in get_channel_videos: <HttpError 403 when requesting https://youtube.googleapis.com/youtube/v3/search?part=id&channelId=UC0K7NlrBvgVPgWLarkdf4cQ&maxResults=50&type=video&key=AIzaSyDPFJnipLhp8s9XTv8ETcOhlxtJPE0352Y&alt=json returned "The request cannot be completed because you have exceeded your <a href="/youtube/v3/getting-started#quota">quota</a>.". Details: "[{'message': 'The request cannot be completed because you have exceeded your <a href="/youtube/v3/getting-started#quota">quota</a>.', 'domain': 'youtube.quota', 'reason': 'quotaExceeded'}]">
2024-11-14 06:31:19.471361: Error in get_channel_videos: <HttpError 403 when requesting https://youtube.googleapis.com/youtube/v3/search?part=id&channelId=UC0viwqF10RF3WrOn4NdoEbg&maxResults=50&type=video&key=AIzaSyCA09mdNMCDYP0bmSJ_cvwQ2migTv-P0Y8&alt=json returned "The request cannot be completed because you have exceeded your <a href="/youtube/v3/getting-started#quota">quota</a>.". Details: "[{'message': 'The request cannot be completed because you have exceeded your <a href="/youtube/v3/getting-started#quota">quota</a>.', 'domain': 'youtube.quota', 'reason': 'quotaExceeded'}]">
2024-11-14 06:31:19.671533: Error in get_channel_videos: <HttpError 403 when requesting https://youtube.googleapis.com/youtube/v3/search?part=id&channelId=UC1BjTVfq4TErDPEpdfoJKgQ&maxResults=50&type=video&key=AIzaSyBNXuGBRBJFQkptleDIrhMASuTTfmo6GVw&alt=json returned "The request cannot be completed because you have exceeded your <a href="/youtube/v3/getting-started#quota">quota</a>.". Details: "[{'message': 'The request cannot be completed because you have exceeded your <a href="/youtube/v3/getting-started#quota">quota</a>.', 'domain': 'youtube.quota', 'reason': 'quotaExceeded'}]">
2024-11-14 06:31:20.047084: Error in get_channel_videos: <HttpError 403 when requesting https://youtube.googleapis.com/youtube/v3/search?part=id&channelId=UC1pljxnd85b962E-h_LV8jg&maxResults=50&type=video&key=AIzaSyD1lcKmvLSndSvffdlT4E2HIXSRGdBWovc&alt=json returned "The request cannot be completed because you have exceeded your <a href="/youtube/v3/getting-started#quota">quota</a>.". Details: "[{'message': 'The request cannot be completed because you have exceeded your <a href="/youtube/v3/getting-started#quota">quota</a>.', 'domain': 'youtube.quota', 'reason': 'quotaExceeded'}]">
2024-11-14 06:31:20.218863: Error in get_channel_videos: <HttpError 403 when requesting https://youtube.googleapis.com/youtube/v3/search?part=id&channelId=UC2SfzR8I4H725YIKTDoyjJQ&maxResults=50&type=video&key=AIzaSyC-fGGHuyvZjhcCwEz5g-EDKhd5wsvQOyA&alt=json returned "The request cannot be completed because you have exceeded your <a href="/youtube/v3/getting-started#quota">quota</a>.". Details: "[{'message': 'The request cannot be completed because you have exceeded your <a href="/youtube/v3/getting-started#quota">quota</a>.', 'domain': 'youtube.quota', 'reason': 'quotaExceeded'}]">
2024-11-14 06:31:20.555904: Error in get_channel_videos: <HttpError 403 when requesting https://youtube.googleapis.com/youtube/v3/search?part=id&channelId=UC2g2yAbBKyuaP6eLoeopb4g&maxResults=50&type=video&key=AIzaSyAk6SW1568Hy-1GK2Q8WB79YEH1zIn4pPA&alt=json returned "The request cannot be completed because you have exceeded your <a href="/youtube/v3/getting-started#quota">quota</a>.". Details: "[{'message': 'The request cannot be completed because you have exceeded your <a href="/youtube/v3/getting-started#quota">quota</a>.', 'domain': 'youtube.quota', 'reason': 'quotaExceeded'}]">
2024-11-14 06:31:20.946027: Error in get_channel_videos: <HttpError 403 when requesting https://youtube.googleapis.com/youtube/v3/search?part=id&channelId=UC3AKk5imp4VDAO5rNFtIeVQ&maxResults=50&type=video&key=AIzaSyDj5RWYklnANrb-BnGtlRYIbV4LERxlJLQ&alt=json returned "The request cannot be completed because you have exceeded your <a href="/youtube/v3/getting-started#quota">quota</a>.". Details: "[{'message': 'The request cannot be completed because you have exceeded your <a href="/youtube/v3/getting-started#quota">quota</a>.', 'domain': 'youtube.quota', 'reason': 'quotaExceeded'}]">
2024-11-14 06:31:21.331098: Error in get_channel_videos: <HttpError 403 when requesting https://youtube.googleapis.com/youtube/v3/search?part=id&channelId=UC3NDfyJblEORIfKta6CgJHg&maxResults=50&type=video&key=AIzaSyAr2kFAI13ogd1Sww9j6Emfruizki_-i4o&alt=json returned "The request cannot be completed because you have exceeded your <a href="/youtube/v3/getting-started#quota">quota</a>.". Details: "[{'message': 'The request cannot be completed because you have exceeded your <a href="/youtube/v3/getting-started#quota">quota</a>.', 'domain': 'youtube.quota', 'reason': 'quotaExceeded'}]">
2024-11-14 06:31:21.573180: Error in get_channel_videos: <HttpError 403 when requesting https://youtube.googleapis.com/youtube/v3/search?part=id&channelId=UC3Qe9c8dZqnjwcDD2vCZBKQ&maxResults=50&type=video&key=AIzaSyApuH-XAuEVtkjyN-9XFaZV4Xj7w-Rgh3U&alt=json returned "The request cannot be completed because you have exceeded your <a href="/youtube/v3/getting-started#quota">quota</a>.". Details: "[{'message': 'The request cannot be completed because you have exceeded your <a href="/youtube/v3/getting-started#quota">quota</a>.', 'domain': 'youtube.quota', 'reason': 'quotaExceeded'}]">
2024-11-14 06:31:21.866061: Error in get_channel_videos: <HttpError 403 when requesting https://youtube.googleapis.com/youtube/v3/search?part=id&channelId=UC3i7r4QQ_fFJBHwSKsN61QA&maxResults=50&type=video&key=AIzaSyDhhtoMBo41Y8FAGS1xhwfXOmYm0EJd3cQ&alt=json returned "The request cannot be completed because you have exceeded your <a href="/youtube/v3/getting-started#quota">quota</a>.". Details: "[{'message': 'The request cannot be completed because you have exceeded your <a href="/youtube/v3/getting-started#quota">quota</a>.', 'domain': 'youtube.quota', 'reason': 'quotaExceeded'}]">
2024-11-14 06:31:22.035912: Error in get_channel_videos: <HttpError 403 when requesting https://youtube.googleapis.com/youtube/v3/search?part=id&channelId=UC3nKQ6Q4Pf1m6OEpphToUbg&maxResults=50&type=video&key=AIzaSyC-wrau0ONtEfHRbTr1vGH4FhVxvPoCehQ&alt=json returned "The request cannot be completed because you have exceeded your <a href="/youtube/v3/getting-started#quota">quota</a>.". Details: "[{'message': 'The request cannot be completed because you have exceeded your <a href="/youtube/v3/getting-started#quota">quota</a>.', 'domain': 'youtube.quota', 'reason': 'quotaExceeded'}]">
2024-11-14 06:31:22.405364: Error in get_channel_videos: <HttpError 403 when requesting https://youtube.googleapis.com/youtube/v3/search?part=id&channelId=UC4alTWCTl6y_jt2_jgmxPZQ&maxResults=50&type=video&key=AIzaSyAAyx7B6JIQtLfoLze7ARjgkfhklTGkfoc&alt=json returned "The request cannot be completed because you have exceeded your <a href="/youtube/v3/getting-started#quota">quota</a>.". Details: "[{'message': 'The request cannot be completed because you have exceeded your <a href="/youtube/v3/getting-started#quota">quota</a>.', 'domain': 'youtube.quota', 'reason': 'quotaExceeded'}]">
2024-11-14 06:31:22.772933: Error in get_channel_videos: <HttpError 403 when requesting https://youtube.googleapis.com/youtube/v3/search?part=id&channelId=UC4fxiAHHYmtQB4QYT41isnA&maxResults=50&type=video&key=AIzaSyBrCy1iqgf4MdQSwg7aT3DKy4PbkxnJjM8&alt=json returned "The request cannot be completed because you have exceeded your <a href="/youtube/v3/getting-started#quota">quota</a>.". Details: "[{'message': 'The request cannot be completed because you have exceeded your <a href="/youtube/v3/getting-started#quota">quota</a>.', 'domain': 'youtube.quota', 'reason': 'quotaExceeded'}]">
2024-11-14 06:31:22.927066: Error in get_channel_videos: <HttpError 403 when requesting https://youtube.googleapis.com/youtube/v3/search?part=id&channelId=UC5rFGHFvGsbIj7Gc-1W4asA&maxResults=50&type=video&key=AIzaSyCfN6BWI6LR11Efmuql2WvrhixHbo96Vow&alt=json returned "The request cannot be completed because you have exceeded your <a href="/youtube/v3/getting-started#quota">quota</a>.". Details: "[{'message': 'The request cannot be completed because you have exceeded your <a href="/youtube/v3/getting-started#quota">quota</a>.', 'domain': 'youtube.quota', 'reason': 'quotaExceeded'}]">
2024-11-14 06:31:23.096090: Error in get_channel_videos: <HttpError 403 when requesting https://youtube.googleapis.com/youtube/v3/search?part=id&channelId=UC5u7mJb1fIAedPG-9Pg6Nbw&maxResults=50&type=video&key=AIzaSyBTB8wgjl-7ScThYYqpAT0eP6YnnnMwJz8&alt=json returned "YouTube Data API v3 has not been used in project 818988636459 before or it is disabled. Enable it by visiting https://console.developers.google.com/apis/api/youtube.googleapis.com/overview?project=818988636459 then retry. If you enabled this API recently, wait a few minutes for the action to propagate to our systems and retry.". Details: "[{'message': 'YouTube Data API v3 has not been used in project 818988636459 before or it is disabled. Enable it by visiting https://console.developers.google.com/apis/api/youtube.googleapis.com/overview?project=818988636459 then retry. If you enabled this API recently, wait a few minutes for the action to propagate to our systems and retry.', 'domain': 'usageLimits', 'reason': 'accessNotConfigured', 'extendedHelp': 'https://console.developers.google.com'}]">
2024-11-14 06:32:40.555215: Error in get_channel_videos: <HttpError 403 when requesting https://youtube.googleapis.com/youtube/v3/search?part=id&channelId=UC-4vIk35M6S70rqSfX3fkuw&maxResults=50&type=video&key=AIzaSyDyRilGwcies-XqheD2jZfZs2tVK7ZzRU0&alt=json returned "The request cannot be completed because you have exceeded your <a href="/youtube/v3/getting-started#quota">quota</a>.". Details: "[{'message': 'The request cannot be completed because you have exceeded your <a href="/youtube/v3/getting-started#quota">quota</a>.', 'domain': 'youtube.quota', 'reason': 'quotaExceeded'}]">
2024-11-14 06:32:40.716330: Error in get_channel_videos: <HttpError 403 when requesting https://youtube.googleapis.com/youtube/v3/search?part=id&channelId=UC-99GBOc5pZKh4W-GcuellA&maxResults=50&type=video&key=AIzaSyBeC2qBBjjwSHrAbXaj44SP9tOe179CpPE&alt=json returned "The request cannot be completed because you have exceeded your <a href="/youtube/v3/getting-started#quota">quota</a>.". Details: "[{'message': 'The request cannot be completed because you have exceeded your <a href="/youtube/v3/getting-started#quota">quota</a>.', 'domain': 'youtube.quota', 'reason': 'quotaExceeded'}]">
2024-11-14 06:32:40.894938: Error in get_channel_videos: <HttpError 403 when requesting https://youtube.googleapis.com/youtube/v3/search?part=id&channelId=UC-CBQChrXvLzYc9oxpMfFPg&maxResults=50&type=video&key=AIzaSyBJbYkajUI0zOVD2Toc2v6ecitqqJ03npM&alt=json returned "The request cannot be completed because you have exceeded your <a href="/youtube/v3/getting-started#quota">quota</a>.". Details: "[{'message': 'The request cannot be completed because you have exceeded your <a href="/youtube/v3/getting-started#quota">quota</a>.', 'domain': 'youtube.quota', 'reason': 'quotaExceeded'}]">
2024-11-14 06:32:41.050373: Error in get_channel_videos: <HttpError 403 when requesting https://youtube.googleapis.com/youtube/v3/search?part=id&channelId=UC-Yxf5kLq1lk2MiPP35n2Pw&maxResults=50&type=video&key=AIzaSyAyCMl_VDTxxHSMM3QUL9oKSi--SLC67pw&alt=json returned "The request cannot be completed because you have exceeded your <a href="/youtube/v3/getting-started#quota">quota</a>.". Details: "[{'message': 'The request cannot be completed because you have exceeded your <a href="/youtube/v3/getting-started#quota">quota</a>.', 'domain': 'youtube.quota', 'reason': 'quotaExceeded'}]">
2024-11-14 06:32:41.419962: Error in get_channel_videos: <HttpError 403 when requesting https://youtube.googleapis.com/youtube/v3/search?part=id&channelId=UC-dKbzpfDuKqNPP8hvHUHoQ&maxResults=50&type=video&key=AIzaSyDPFJnipLhp8s9XTv8ETcOhlxtJPE0352Y&alt=json returned "The request cannot be completed because you have exceeded your <a href="/youtube/v3/getting-started#quota">quota</a>.". Details: "[{'message': 'The request cannot be completed because you have exceeded your <a href="/youtube/v3/getting-started#quota">quota</a>.', 'domain': 'youtube.quota', 'reason': 'quotaExceeded'}]">
2024-11-14 06:32:53.395230: Error in get_channel_videos: <HttpError 403 when requesting https://youtube.googleapis.com/youtube/v3/search?part=id&channelId=UC-4vIk35M6S70rqSfX3fkuw&maxResults=50&type=video&key=AIzaSyDyRilGwcies-XqheD2jZfZs2tVK7ZzRU0&alt=json returned "The request cannot be completed because you have exceeded your <a href="/youtube/v3/getting-started#quota">quota</a>.". Details: "[{'message': 'The request cannot be completed because you have exceeded your <a href="/youtube/v3/getting-started#quota">quota</a>.', 'domain': 'youtube.quota', 'reason': 'quotaExceeded'}]">
2024-11-14 06:32:53.566281: Error in get_channel_videos: <HttpError 403 when requesting https://youtube.googleapis.com/youtube/v3/search?part=id&channelId=UC-99GBOc5pZKh4W-GcuellA&maxResults=50&type=video&key=AIzaSyBeC2qBBjjwSHrAbXaj44SP9tOe179CpPE&alt=json returned "The request cannot be completed because you have exceeded your <a href="/youtube/v3/getting-started#quota">quota</a>.". Details: "[{'message': 'The request cannot be completed because you have exceeded your <a href="/youtube/v3/getting-started#quota">quota</a>.', 'domain': 'youtube.quota', 'reason': 'quotaExceeded'}]">
2024-11-14 06:32:53.753715: Error in get_channel_videos: <HttpError 403 when requesting https://youtube.googleapis.com/youtube/v3/search?part=id&channelId=UC-CBQChrXvLzYc9oxpMfFPg&maxResults=50&type=video&key=AIzaSyBJbYkajUI0zOVD2Toc2v6ecitqqJ03npM&alt=json returned "The request cannot be completed because you have exceeded your <a href="/youtube/v3/getting-started#quota">quota</a>.". Details: "[{'message': 'The request cannot be completed because you have exceeded your <a href="/youtube/v3/getting-started#quota">quota</a>.', 'domain': 'youtube.quota', 'reason': 'quotaExceeded'}]">
2024-11-14 06:32:54.096560: Error in get_channel_videos: <HttpError 403 when requesting https://youtube.googleapis.com/youtube/v3/search?part=id&channelId=UC-Yxf5kLq1lk2MiPP35n2Pw&maxResults=50&type=video&key=AIzaSyAyCMl_VDTxxHSMM3QUL9oKSi--SLC67pw&alt=json returned "The request cannot be completed because you have exceeded your <a href="/youtube/v3/getting-started#quota">quota</a>.". Details: "[{'message': 'The request cannot be completed because you have exceeded your <a href="/youtube/v3/getting-started#quota">quota</a>.', 'domain': 'youtube.quota', 'reason': 'quotaExceeded'}]">
2024-11-14 06:32:54.266451: Error in get_channel_videos: <HttpError 403 when requesting https://youtube.googleapis.com/youtube/v3/search?part=id&channelId=UC-dKbzpfDuKqNPP8hvHUHoQ&maxResults=50&type=video&key=AIzaSyDPFJnipLhp8s9XTv8ETcOhlxtJPE0352Y&alt=json returned "The request cannot be completed because you have exceeded your <a href="/youtube/v3/getting-started#quota">quota</a>.". Details: "[{'message': 'The request cannot be completed because you have exceeded your <a href="/youtube/v3/getting-started#quota">quota</a>.', 'domain': 'youtube.quota', 'reason': 'quotaExceeded'}]">
2024-11-14 06:32:54.430014: Error in get_channel_videos: <HttpError 403 when requesting https://youtube.googleapis.com/youtube/v3/search?part=id&channelId=UC-qTldS8DNIGOfIVc0G8t-w&maxResults=50&type=video&key=AIzaSyCA09mdNMCDYP0bmSJ_cvwQ2migTv-P0Y8&alt=json returned "The request cannot be completed because you have exceeded your <a href="/youtube/v3/getting-started#quota">quota</a>.". Details: "[{'message': 'The request cannot be completed because you have exceeded your <a href="/youtube/v3/getting-started#quota">quota</a>.', 'domain': 'youtube.quota', 'reason': 'quotaExceeded'}]">
2024-11-14 06:32:54.607889: Error in get_channel_videos: <HttpError 403 when requesting https://youtube.googleapis.com/youtube/v3/search?part=id&channelId=UC06CSMqAhpBvhSRwHUBgyPw&maxResults=50&type=video&key=AIzaSyBNXuGBRBJFQkptleDIrhMASuTTfmo6GVw&alt=json returned "The request cannot be completed because you have exceeded your <a href="/youtube/v3/getting-started#quota">quota</a>.". Details: "[{'message': 'The request cannot be completed because you have exceeded your <a href="/youtube/v3/getting-started#quota">quota</a>.', 'domain': 'youtube.quota', 'reason': 'quotaExceeded'}]">
2024-11-14 06:34:19.521270: Error in get_channel_videos: <HttpError 403 when requesting https://youtube.googleapis.com/youtube/v3/search?part=id&channelId=UC-4vIk35M6S70rqSfX3fkuw&maxResults=50&type=video&key=AIzaSyDyRilGwcies-XqheD2jZfZs2tVK7ZzRU0&alt=json returned "The request cannot be completed because you have exceeded your <a href="/youtube/v3/getting-started#quota">quota</a>.". Details: "[{'message': 'The request cannot be completed because you have exceeded your <a href="/youtube/v3/getting-started#quota">quota</a>.', 'domain': 'youtube.quota', 'reason': 'quotaExceeded'}]">
2024-11-14 06:35:06.282145: Error in get_channel_videos: <HttpError 403 when requesting https://youtube.googleapis.com/youtube/v3/search?part=id&channelId=UC-4vIk35M6S70rqSfX3fkuw&maxResults=50&type=video&key=AIzaSyDyRilGwcies-XqheD2jZfZs2tVK7ZzRU0&alt=json returned "The request cannot be completed because you have exceeded your <a href="/youtube/v3/getting-started#quota">quota</a>.". Details: "[{'message': 'The request cannot be completed because you have exceeded your <a href="/youtube/v3/getting-started#quota">quota</a>.', 'domain': 'youtube.quota', 'reason': 'quotaExceeded'}]">
2024-11-14 06:35:06.286127: Error in process_urls: 'NoneType' object is not iterable
2024-11-14 06:35:30.616520: Error in get_channel_videos: <HttpError 403 when requesting https://youtube.googleapis.com/youtube/v3/search?part=id&channelId=UC-4vIk35M6S70rqSfX3fkuw&maxResults=50&type=video&key=AIzaSyDyRilGwcies-XqheD2jZfZs2tVK7ZzRU0&alt=json returned "The request cannot be completed because you have exceeded your <a href="/youtube/v3/getting-started#quota">quota</a>.". Details: "[{'message': 'The request cannot be completed because you have exceeded your <a href="/youtube/v3/getting-started#quota">quota</a>.', 'domain': 'youtube.quota', 'reason': 'quotaExceeded'}]">
2024-11-14 06:35:48.982056: Error in get_channel_videos: <HttpError 403 when requesting https://youtube.googleapis.com/youtube/v3/search?part=id&channelId=UC-4vIk35M6S70rqSfX3fkuw&maxResults=50&type=video&key=AIzaSyDyRilGwcies-XqheD2jZfZs2tVK7ZzRU0&alt=json returned "The request cannot be completed because you have exceeded your <a href="/youtube/v3/getting-started#quota">quota</a>.". Details: "[{'message': 'The request cannot be completed because you have exceeded your <a href="/youtube/v3/getting-started#quota">quota</a>.', 'domain': 'youtube.quota', 'reason': 'quotaExceeded'}]">
2024-11-14 06:35:49.149399: Error in get_channel_videos: <HttpError 403 when requesting https://youtube.googleapis.com/youtube/v3/search?part=id&channelId=UC-99GBOc5pZKh4W-GcuellA&maxResults=50&type=video&key=AIzaSyBeC2qBBjjwSHrAbXaj44SP9tOe179CpPE&alt=json returned "The request cannot be completed because you have exceeded your <a href="/youtube/v3/getting-started#quota">quota</a>.". Details: "[{'message': 'The request cannot be completed because you have exceeded your <a href="/youtube/v3/getting-started#quota">quota</a>.', 'domain': 'youtube.quota', 'reason': 'quotaExceeded'}]">
2024-11-14 06:35:49.519510: Error in get_channel_videos: <HttpError 403 when requesting https://youtube.googleapis.com/youtube/v3/search?part=id&channelId=UC-CBQChrXvLzYc9oxpMfFPg&maxResults=50&type=video&key=AIzaSyBJbYkajUI0zOVD2Toc2v6ecitqqJ03npM&alt=json returned "The request cannot be completed because you have exceeded your <a href="/youtube/v3/getting-started#quota">quota</a>.". Details: "[{'message': 'The request cannot be completed because you have exceeded your <a href="/youtube/v3/getting-started#quota">quota</a>.', 'domain': 'youtube.quota', 'reason': 'quotaExceeded'}]">
2024-11-14 06:35:49.887514: Error in get_channel_videos: <HttpError 403 when requesting https://youtube.googleapis.com/youtube/v3/search?part=id&channelId=UC-Yxf5kLq1lk2MiPP35n2Pw&maxResults=50&type=video&key=AIzaSyAyCMl_VDTxxHSMM3QUL9oKSi--SLC67pw&alt=json returned "The request cannot be completed because you have exceeded your <a href="/youtube/v3/getting-started#quota">quota</a>.". Details: "[{'message': 'The request cannot be completed because you have exceeded your <a href="/youtube/v3/getting-started#quota">quota</a>.', 'domain': 'youtube.quota', 'reason': 'quotaExceeded'}]">
2024-11-14 06:35:50.285963: Error in get_channel_videos: <HttpError 403 when requesting https://youtube.googleapis.com/youtube/v3/search?part=id&channelId=UC-dKbzpfDuKqNPP8hvHUHoQ&maxResults=50&type=video&key=AIzaSyDPFJnipLhp8s9XTv8ETcOhlxtJPE0352Y&alt=json returned "The request cannot be completed because you have exceeded your <a href="/youtube/v3/getting-started#quota">quota</a>.". Details: "[{'message': 'The request cannot be completed because you have exceeded your <a href="/youtube/v3/getting-started#quota">quota</a>.', 'domain': 'youtube.quota', 'reason': 'quotaExceeded'}]">
2024-11-14 06:35:50.632766: Error in get_channel_videos: <HttpError 403 when requesting https://youtube.googleapis.com/youtube/v3/search?part=id&channelId=UC-qTldS8DNIGOfIVc0G8t-w&maxResults=50&type=video&key=AIzaSyCA09mdNMCDYP0bmSJ_cvwQ2migTv-P0Y8&alt=json returned "The request cannot be completed because you have exceeded your <a href="/youtube/v3/getting-started#quota">quota</a>.". Details: "[{'message': 'The request cannot be completed because you have exceeded your <a href="/youtube/v3/getting-started#quota">quota</a>.', 'domain': 'youtube.quota', 'reason': 'quotaExceeded'}]">
2024-11-14 06:35:50.836255: Error in get_channel_videos: <HttpError 403 when requesting https://youtube.googleapis.com/youtube/v3/search?part=id&channelId=UC06CSMqAhpBvhSRwHUBgyPw&maxResults=50&type=video&key=AIzaSyBNXuGBRBJFQkptleDIrhMASuTTfmo6GVw&alt=json returned "The request cannot be completed because you have exceeded your <a href="/youtube/v3/getting-started#quota">quota</a>.". Details: "[{'message': 'The request cannot be completed because you have exceeded your <a href="/youtube/v3/getting-started#quota">quota</a>.', 'domain': 'youtube.quota', 'reason': 'quotaExceeded'}]">
2024-11-14 06:38:37.921953: Error in get_channel_videos: <HttpError 403 when requesting https://youtube.googleapis.com/youtube/v3/search?part=id&channelId=UCPXk_YbYy4QHAkmqguBmbBw&maxResults=50&type=video&key=AIzaSyDyRilGwcies-XqheD2jZfZs2tVK7ZzRU0&alt=json returned "The request cannot be completed because you have exceeded your <a href="/youtube/v3/getting-started#quota">quota</a>.". Details: "[{'message': 'The request cannot be completed because you have exceeded your <a href="/youtube/v3/getting-started#quota">quota</a>.', 'domain': 'youtube.quota', 'reason': 'quotaExceeded'}]">
2024-11-14 06:38:38.206441: Error in get_channel_videos: <HttpError 403 when requesting https://youtube.googleapis.com/youtube/v3/search?part=id&channelId=UCPfy4qA3zXpCzOCN7NCSDug&maxResults=50&type=video&key=AIzaSyBeC2qBBjjwSHrAbXaj44SP9tOe179CpPE&alt=json returned "The request cannot be completed because you have exceeded your <a href="/youtube/v3/getting-started#quota">quota</a>.". Details: "[{'message': 'The request cannot be completed because you have exceeded your <a href="/youtube/v3/getting-started#quota">quota</a>.', 'domain': 'youtube.quota', 'reason': 'quotaExceeded'}]">
